[2J[H[1;36;40mÉ{FILL:Í}»
º{FILL: }[1;37;40m{BBSNAME}[1;36;40m{FILL: }º
Ì{FILL:Í}¹
º{FILL: }[0;36;40m{T:menu.item.community}[1;36;40m{FILL: }º
º{FILL: }º
º   [1;33;40m[C] [1;32;40m{T:menu.item.chat:-24}[1;36;40m  [0;37;40m{T:screen.desc.chat}[1;36;40m{FILL: }º
º   [1;33;40m[P] [1;32;40m{T:menu.item.page:-24}[1;36;40m  [0;37;40m{T:screen.desc.page}[1;36;40m{FILL: }º
º   [1;33;40m[L] [1;32;40m{T:menu.item.oneliners:-24}[1;36;40m  [0;37;40m{T:screen.desc.oneliners}[1;36;40m{FILL: }º
º   [1;33;40m[W] [1;32;40m{T:menu.item.who:-24}[1;36;40m  [0;37;40m{T:screen.desc.who}[1;36;40m{FILL: }º
º{FILL: }º
º   [1;33;40m[Z] [1;32;40m{T:menu.item.lastcallers:-24}[1;36;40m  [0;37;40m{T:screen.desc.lastcallers}[1;36;40m{FILL: }º
º   [1;33;40m[V] [1;32;40m{T:menu.item.polls:-24}[1;36;40m  [0;37;40m{T:screen.desc.polls}[1;36;40m{FILL: }º
º   [1;33;40m[B] [1;32;40m{T:menu.item.bbslist:-24}[1;36;40m  [0;37;40m{T:screen.desc.bbslist}[1;36;40m{FILL: }º
º{FILL: }º
º   [1;33;40m[Q] [1;32;40m{T:menu.item.back}[1;36;40m{FILL: }º
È{FILL:Í}¼

[1;37;40m{USERNAME}[1;36;40m> [0m