[2J[H[1;36;40mÉ{FILL:Í}»
º{FILL: }[1;37;40m{BBSNAME}[1;36;40m{FILL: }º
Ì{FILL:Í}¹
º{FILL: }[0;36;40mCommunity[1;36;40m{FILL: }º
º{FILL: }º
º   [1;33;40m[C] [1;32;40mChat (teleconference)   [1;36;40m  [0;37;40mTalk with whoever is online[1;36;40m{FILL: }º
º   [1;33;40m[P] [1;32;40mPage the sysop          [1;36;40m  [0;37;40mCall the sysop to chat[1;36;40m{FILL: }º
º   [1;33;40m[L] [1;32;40mOne-liners              [1;36;40m  [0;37;40mThe wall: read, add a line[1;36;40m{FILL: }º
º   [1;33;40m[W] [1;32;40mWho's online            [1;36;40m  [0;37;40mNodes, node messages[1;36;40m{FILL: }º
º{FILL: }º
º   [1;33;40m[Z] [1;32;40mLast callers            [1;36;40m  [0;37;40mHere and across InterBBS[1;36;40m{FILL: }º
º   [1;33;40m[V] [1;32;40mVoting booth            [1;36;40m  [0;37;40mThe sysop's polls[1;36;40m{FILL: }º
º   [1;33;40m[B] [1;32;40mBBS list                [1;36;40m  [0;37;40mBoards our callers recommend[1;36;40m{FILL: }º
º{FILL: }º
º   [1;33;40m[Q] [1;32;40mBack[1;36;40m{FILL: }º
È{FILL:Í}¼

[1;37;40m{USERNAME}[1;36;40m> [0m