[2J[H[1;36;40mÉ{FILL:Í}»
º{FILL: }[1;37;40m{BBSNAME}[1;36;40m{FILL: }º
Ì{FILL:Í}¹
º{FILL: }[0;36;40mFiles[1;36;40m{FILL: }º
º{FILL: }º
º   [1;33;40m[A] [1;32;40mFile areas              [1;36;40m  [0;37;40mBrowse, download, upload[1;36;40m{FILL: }º
º   [1;33;40m[N] [1;32;40mNew files               [1;36;40m  [0;37;40mWhat came since your last look[1;36;40m{FILL: }º
º   [1;33;40m[S] [1;32;40mSearch files            [1;36;40m  [0;37;40mBy name or description[1;36;40m{FILL: }º
º{FILL: }º
º   [1;33;40m[Q] [1;32;40mBack[1;36;40m{FILL: }º
È{FILL:Í}¼

[1;37;40m{USERNAME}[1;36;40m> [0m