[0;32;40m{T:files.filename:-11}[1;37;40m{FILENAME:-40}[0;32;40m {T:files.size} [0;37;40m{SIZE}
[0;32;40m{T:files.uploaded:-11}[0;37;40m{DATE}[0;32;40m {T:files.by} [1;37;40m{BY}
[0;32;40m{T:files.downloads:-11}[0;37;40m{DOWNLOADS}
[0;34;40mДДДДДДДДДДДДДДДДДДДДДДДДДДДДДДДДДДДДДДДДДДДДДДДДДДДДДДДДДДДДДДДДДДДДДДДДДДДДДДД[0m