[2J[H[1;36mษออออออออออออออออออออออออออออออออออออออออออออออออออออออออออออออออออออออออออออออป
[1;36mบ[36m{FILL: }[1;36mบ
[1;36mบ[36m{FILL: }[1;37m{BBSNAME}[36m{FILL: }[1;36mบ
[1;36mบ[36m{FILL: }[36mThanks for calling![36m{FILL: }[1;36mบ
[1;36mบ[36m{FILL: }[1;36mบ
[1;36mฬออออออออออออออออออออออออออออออออออออออออออออออออออออออออออออออออออออออออออออออน
[1;36mบ[36m{FILL: }[1;36mบ
[1;36mบ[36m{FILL: }[1;32mGoodbye, {USERNAME}![36m{FILL: }[1;36mบ
[1;36mบ[36m{FILL: }[36mCall again soon.[36m{FILL: }[1;36mบ
[1;36mบ[36m{FILL: }[1;36mบ
[1;36mศออออออออออออออออออออออออออออออออออออออออออออออออออออออออออออออออออออออออออออออผ
[0m