[2J[H[1;36m…{FILL:Õ}ª
[1;36m∫[36m{FILL: }[1;36m∫
[1;36m∫[36m{FILL: }[1;37m{BBSNAME}[36m{FILL: }[1;36m∫
[1;36m∫[36m{FILL: }[36mThanks for calling![36m{FILL: }[1;36m∫
[1;36m∫[36m{FILL: }[1;36m∫
[1;36mÃ{FILL:Õ}π
[1;36m∫[36m{FILL: }[1;36m∫
[1;36m∫[36m{FILL: }[1;32mGoodbye, {USERNAME}![36m{FILL: }[1;36m∫
[1;36m∫[36m{FILL: }[36mCall again soon.[36m{FILL: }[1;36m∫
[1;36m∫[36m{FILL: }[1;36m∫
[1;36m»{FILL:Õ}º
[0m