[2J[H[1;36;40mÉ{FILL:Í}»
º{FILL: }[1;37;40m{BBSNAME}[1;36;40m{FILL: }º
Ì{FILL:Í}¹
º{FILL: }[0;36;40mMain Menu[1;36;40m{FILL: }º
º{FILL: }º
º   [1;33;40m[R] [1;32;40mRead new messages       [1;36;40m  [0;37;40mWhat's new in your areas[1;36;40m{FILL: }º
º{FILL: }º
º   [1;33;40m[M] [1;32;40mMessages                [1;36;40m¯ [0;37;40mAreas, netmail, QWK offline mail[1;36;40m{FILL: }º
º   [1;33;40m[F] [1;32;40mFiles                   [1;36;40m¯ [0;37;40mFile areas, new files, search[1;36;40m{FILL: }º
º   [1;33;40m[T] [1;32;40mCommunity               [1;36;40m¯ [0;37;40mChat, one-liners, polls, BBS list[1;36;40m{FILL: }º
º   [1;33;40m[D] [1;32;40mDoors                   [1;36;40m  [0;37;40mGames and more[1;36;40m{FILL: }º
º   [1;33;40m[P] [1;32;40mYour profile            [1;36;40m  [0;37;40mName, password, language, editor[1;36;40m{FILL: }º
º   {SYSOP_ITEM}[1;36;40m{FILL: }º
º{FILL: }º
º   [1;33;40m[?] [1;32;40mVersion     [1;33;40m[Q] [1;32;40mQuit[1;36;40m{FILL: }º
È{FILL:Í}¼

[1;37;40m{USERNAME}[1;36;40m> [0m