[2J[H[1;36;40mÉ{FILL:Í}»
º{FILL: }[1;37;40m{BBSNAME}[1;36;40m{FILL: }º
º{FILL: }Main Menu{FILL: }º
[1;36;40mÌ{FILL:Í}¹
[1;36;40mº{FILL: }º
[1;36;40mº  [1;33;40m[M][1;32;40m Message Areas                     [1;33;40m[F][1;32;40m File Areas[1;36;40m{FILL: }º
[1;36;40mº  [1;33;40m[N][1;32;40m Netmail                           [1;33;40m[W][1;32;40m Who's Online[1;36;40m{FILL: }º
[1;36;40mº{FILL: }º
[1;36;40mº  [1;33;40m[Y][1;32;40m Your Stats (SL {SL})              [1;33;40m[V][1;32;40m Version[1;36;40m{FILL: }º
[1;36;40mº  [1;33;40m[S][1;32;40m Sysop Menu                        [1;33;40m[Q][1;32;40m Quit[1;36;40m{FILL: }º
[1;36;40mº{FILL: }º
[1;36;40mÈ{FILL:Í}¼

[1;37;40m{USERNAME}[1;36;40m> [0m