[2J[H[1;36mษออออออออออออออออออออออออออออออออออออออออออออออออออออออออออออออออออออออออออออออป
[1;36mบ[36m{FILL: }[1;37m{BBSNAME}[36m{FILL: }[1;36mบ
[1;36mบ[36m{FILL: }[36mMain Menu[36m{FILL: }[1;36mบ
[1;36mฬออออออออออออออออออออออออออออออออออออออออออออออออออออออออออออออออออออออออออออออน
[1;36mบ[36m{FILL: }[1;36mบ
[1;36mบ[1;33m  [M][1;32m Message Areas[1;33m          [F][1;32m File Areas[1;33m          [W][1;32m Who's Online[36m{FILL: }[1;36mบ
[1;36mบ[1;33m  [Y][1;32m Your Stats (SL {SL})[1;33m  [V][1;32m Version[1;33m             [S][1;32m Sysop Menu[36m{FILL: }[1;36mบ
[1;36mบ[36m{FILL: }[1;36mบ
[1;36mบ[1;33m  [Q][1;32m Quit[36m{FILL: }[1;36mบ
[1;36mบ[36m{FILL: }[1;36mบ
[1;36mศออออออออออออออออออออออออออออออออออออออออออออออออออออออออออออออออออออออออออออออผ
[1;36mบ[36m{FILL: }[1;36mบ

[0m[1;37m{USERNAME}[36m> [1;33m