[2J[H[1;36;40mÉ{FILL:Í}»
º{FILL: }[1;37;40m{BBSNAME}[1;36;40m{FILL: }º
Ì{FILL:Í}¹
º{FILL: }[0;36;40m{T:common.main_menu}[1;36;40m{FILL: }º
º{FILL: }º
º   [1;33;40m[R] [1;32;40m{T:menu.item.newscan:-24}[1;36;40m  [0;37;40m{T:screen.desc.newscan}[1;36;40m{FILL: }º
º{FILL: }º
º   [1;33;40m[M] [1;32;40m{T:menu.item.messages:-24}[1;36;40m¯ [0;37;40m{T:screen.desc.messages}[1;36;40m{FILL: }º
º   [1;33;40m[F] [1;32;40m{T:menu.item.files_menu:-24}[1;36;40m¯ [0;37;40m{T:screen.desc.files}[1;36;40m{FILL: }º
º   [1;33;40m[T] [1;32;40m{T:menu.item.community:-24}[1;36;40m¯ [0;37;40m{T:screen.desc.community}[1;36;40m{FILL: }º
º   [1;33;40m[D] [1;32;40m{T:menu.item.doors:-24}[1;36;40m  [0;37;40m{T:screen.desc.doors}[1;36;40m{FILL: }º
º   [1;33;40m[P] [1;32;40m{T:menu.item.profile:-24}[1;36;40m  [0;37;40m{T:screen.desc.profile}[1;36;40m{FILL: }º
º   {SYSOP_ITEM}[1;36;40m{FILL: }º
º{FILL: }º
º   [1;33;40m[?] [1;32;40m{T:menu.item.version}     [1;33;40m[Q] [1;32;40m{T:menu.item.quit}[1;36;40m{FILL: }º
È{FILL:Í}¼

[1;37;40m{USERNAME}[1;36;40m> [0m