[2J[H[1;36;40mÉ{FILL:Í}»
º{FILL: }[1;37;40m{BBSNAME}[1;36;40m{FILL: }º
Ì{FILL:Í}¹
º{FILL: }[0;36;40m{T:menu.item.messages}[1;36;40m{FILL: }º
º{FILL: }º
º   [1;33;40m[R] [1;32;40m{T:menu.item.newscan:-24}[1;36;40m  [0;37;40m{T:screen.desc.newscan}[1;36;40m{FILL: }º
º   [1;33;40m[T] [1;32;40m{T:menu.item.tome:-24}[1;36;40m  [0;37;40m{T:screen.desc.tome}[1;36;40m{FILL: }º
º   [1;33;40m[A] [1;32;40m{T:menu.item.areas:-24}[1;36;40m  [0;37;40m{T:screen.desc.areas}[1;36;40m{FILL: }º
º   [1;33;40m[N] [1;32;40m{T:menu.item.netmail:-24}[1;36;40m  [0;37;40m{T:screen.desc.netmail}[1;36;40m{FILL: }º
º   [1;33;40m[I] [1;32;40m{T:menu.item.nodelist:-24}[1;36;40m  [0;37;40m{T:screen.desc.nodelist}[1;36;40m{FILL: }º
º{FILL: }º
º   [1;33;40m[K] [1;32;40m{T:menu.item.myareas:-24}[1;36;40m  [0;37;40m{T:screen.desc.myareas}[1;36;40m{FILL: }º
º   [1;33;40m[O] [1;32;40m{T:menu.item.qwk_get:-24}[1;36;40m  [0;37;40m{T:screen.desc.qwk_get}[1;36;40m{FILL: }º
º   [1;33;40m[U] [1;32;40m{T:menu.item.qwk_put:-24}[1;36;40m  [0;37;40m{T:screen.desc.qwk_put}[1;36;40m{FILL: }º
º{FILL: }º
º   [1;33;40m[Q] [1;32;40m{T:menu.item.back}[1;36;40m{FILL: }º
È{FILL:Í}¼

[1;37;40m{USERNAME}[1;36;40m> [0m