[2J[H[1;36;40mÉ{FILL:Í}»
º{FILL: }[1;37;40m{BBSNAME}[1;36;40m{FILL: }º
Ì{FILL:Í}¹
º{FILL: }[0;36;40mMessages[1;36;40m{FILL: }º
º{FILL: }º
º   [1;33;40m[R] [1;32;40mRead new messages       [1;36;40m  [0;37;40mWhat's new in your areas[1;36;40m{FILL: }º
º   [1;33;40m[T] [1;32;40mMessages to you         [1;36;40m  [0;37;40mUnread mail addressed to you[1;36;40m{FILL: }º
º   [1;33;40m[A] [1;32;40mMessage areas           [1;36;40m  [0;37;40mRead, write, search[1;36;40m{FILL: }º
º   [1;33;40m[N] [1;32;40mNetmail                 [1;36;40m  [0;37;40mPrivate mail: here, FTN, email[1;36;40m{FILL: }º
º   [1;33;40m[I] [1;32;40mNodelist (FTN systems)  [1;36;40m  [0;37;40mLook up FTN systems[1;36;40m{FILL: }º
º{FILL: }º
º   [1;33;40m[K] [1;32;40mMy areas                [1;36;40m  [0;37;40mWhat new scan and QWK include[1;36;40m{FILL: }º
º   [1;33;40m[O] [1;32;40mDownload QWK            [1;36;40m  [0;37;40mA packet for your offline reader[1;36;40m{FILL: }º
º   [1;33;40m[U] [1;32;40mUpload QWK replies      [1;36;40m  [0;37;40mReplies written offline[1;36;40m{FILL: }º
º{FILL: }º
º   [1;33;40m[Q] [1;32;40mBack[1;36;40m{FILL: }º
È{FILL:Í}¼

[1;37;40m{USERNAME}[1;36;40m> [0m