[2J[H[1;36;40mÉ{FILL:Í}»
º{FILL: }[1;37;40mSysop Menu[1;36;40m{FILL: }º
º{FILL: }Node {NODE}{FILL: }º
Ì{FILL:Í}¹
º{FILL: }º
º[1;33;40m  [L][1;32;40m List Users[1;33;40m              [S][1;32;40m Set User Security Level[1;36;40m{FILL: }º
º[1;33;40m  [C][1;32;40m Create Message Area[1;33;40m     [F][1;32;40m Create File Area[1;36;40m{FILL: }º
º[1;33;40m  [I][1;32;40m Import File[1;36;40m{FILL: }º
º{FILL: }º
º[1;33;40m  [M][1;32;40m Back to Main Menu[1;33;40m       [Q][1;32;40m Quit[1;36;40m{FILL: }º
º{FILL: }º
È{FILL:Í}¼

[1;37;40m{USERNAME}[1;36;40m> [0m