[2J[H
[0;37;40m{FILL: }[1;30;40mWelcome to                                            [0;37;40m{FILL: }
{FILL: }[1;37;40m___  ___[0;37;40m      [1;37;40m_ _[0;37;40m         [1;36;40m_____ [0;37;40m [1;36;40m_[1;30;40m                    [0;37;40m{FILL: }
{FILL: }[1;37;40m|  \/  |[0;37;40m     [1;37;40m(_) |[0;37;40m       [1;36;40m|  __ \[0;37;40m [1;36;40m |[1;30;40m                   [0;37;40m{FILL: }
{FILL: }[1;37;40m| .  . | __ _ _| | _____ [1;36;40m| |__) | | __ _  ___ ___[1;30;40m     [0;37;40m{FILL: }
{FILL: }| |\/| |/ _` | | |/ / __|[1;36;40m|  ___/| |/ _` |/ __/ _ \[1;30;40m    [0;37;40m{FILL: }
{FILL: }[1;30;40m| |  | | (_| | |   <\__ \[0;36;40m| |    | | (_| | (_|  __/[1;30;40m    [0;37;40m{FILL: }
{FILL: }[1;30;40m\_|  |_/\__,_|_|_|\_\___/[0;36;40m|_|    |_|\__,_|\___\___| BBS[0;37;40m{FILL: }

{FILL: }[1;37;40m.: Bull[0;37;40met[1;30;40min [1;37;40mB[0;37;40moa[1;30;40mrd [1;37;40mSy[0;37;40mst[1;30;40mem [1;37;40m:.[0;37;40m{FILL: }

{FILL: }[0;36;40mSysop [0;37;40mù Mike Dreier   [0;36;40mLocation [0;37;40mù Neunkirch, CH{FILL: }
{FILL: }[0;36;40mTelnet [0;37;40mù bbs.maik.ch:2323    [0;36;40mE-Mail [0;37;40mù maiks.place.bbs@relay.maik.ch{FILL: }

[1;30;40m{FILL:Ä}
[0;37;40m{FILL: }[1;37;40mfsx[0;37;40mNe[1;30;40mt [0;37;40m21:3/194 ù [1;37;40mHobby[0;37;40mNe[1;30;40mt [0;37;40m954:700/14 ù [1;37;40mLovly[0;37;40mNe[1;30;40mt [0;37;40m227:1/23{FILL: }
[1;30;40m{FILL:Ä}

[1;30;40m{VERSION}[0;37;40m{FILL: }[0m